// Jest Snapshot v1, https://goo.gl/fbAQLP

exports[`ProductImage Debe de mostrar el componente correctamente con la imagen del producto 1`] = `
<article
  className=" productCard undefined"
>
  <img
    alt="Coffe Mug - Card"
    className="productImg undefined"
    src="./coffee-mug.png"
  />
</article>
`;

exports[`ProductImage Debe de mostrar el componente correctamente con la imagen personalizada 1`] = `
<img
  alt="Title"
  className="productImg undefined"
  src="https://hola.com.ar"
/>
`;
